TAP version 13
# Subtest: every tool description ends with a runnable Example line
ok 1 - every tool description ends with a runnable Example line
  ---
  duration_ms: 23.209853
  type: 'test'
  ...
# Subtest: each tool's example only uses arguments that tool accepts
ok 2 - each tool's example only uses arguments that tool accepts
  ---
  duration_ms: 4.55381
  type: 'test'
  ...
# Subtest: TOOL_META covers every registered tool
ok 3 - TOOL_META covers every registered tool
  ---
  duration_ms: 4.16483
  type: 'test'
  ...
# Subtest: a missing argument names the argument, instead of dumping zod issues
ok 4 - a missing argument names the argument, instead of dumping zod issues
  ---
  duration_ms: 5.547726
  type: 'test'
  ...
# Subtest: readable tool validation performs only the SDK's single schema parse
ok 5 - readable tool validation performs only the SDK's single schema parse
  ---
  duration_ms: 3.760736
  type: 'test'
  ...
# Subtest: a malformed md5 says what a valid one looks like
ok 6 - a malformed md5 says what a valid one looks like
  ---
  duration_ms: 2.53267
  type: 'test'
  ...
# Subtest: an out-of-range value reports the range and the correct call
ok 7 - an out-of-range value reports the range and the correct call
  ---
  duration_ms: 2.748371
  type: 'test'
  ...
# Subtest: download_book names both required arguments at once
ok 8 - download_book names both required arguments at once
  ---
  duration_ms: 4.862608
  type: 'test'
  ...
# Subtest: describeArgsError stays informative for an error it does not recognise
ok 9 - describeArgsError stays informative for an error it does not recognise
  ---
  duration_ms: 0.457687
  type: 'test'
  ...
# Subtest: download_book schema explains HOME-relative output paths
ok 10 - download_book schema explains HOME-relative output paths
  ---
  duration_ms: 3.969731
  type: 'test'
  ...
# Subtest: an empty output_dir is rejected with a readable message
ok 11 - an empty output_dir is rejected with a readable message
  ---
  duration_ms: 2.481733
  type: 'test'
  ...
# Subtest: healthcheck is registered and advertises only optional arguments
ok 12 - healthcheck is registered and advertises only optional arguments
  ---
  duration_ms: 2.787314
  type: 'test'
  ...
# Subtest: every mirror group has a positive site-identity marker
ok 13 - every mirror group has a positive site-identity marker
  ---
  duration_ms: 0.577545
  type: 'test'
  ...
# Subtest: search_books rejects an explicitly empty source list
ok 14 - search_books rejects an explicitly empty source list
  ---
  duration_ms: 2.202
  type: 'test'
  ...
# Subtest: stdio initializes, lists all tools and returns the expected invalid-call response
ok 15 - stdio initializes, lists all tools and returns the expected invalid-call response
  ---
  duration_ms: 361.758379
  type: 'test'
  ...
1..15
# tests 15
# suites 0
# pass 15
# fail 0
# cancelled 0
# skipped 0
# todo 0
# duration_ms 929.819245
