✓ Lockfile passes supply-chain policies (verified 2h ago)
[WARN] 1 deprecated subdependencies found: whatwg-encoding@3.1.1
Packages: +7 -6
+++++++------
Progress: resolved 7, reused 108, downloaded 6, added 7, done
.../esbuild@0.21.5/node_modules/esbuild postinstall$ node install.js
.../esbuild@0.21.5/node_modules/esbuild postinstall: Done

dependencies:
- @modelcontextprotocol/sdk 1.29.0
+ @modelcontextprotocol/sdk 1.32.1
- cheerio 1.0.0
+ cheerio 1.2.0
- zod 4.4.3
+ zod 4.6.5

Done in 631ms using pnpm v12.10.1
✓ Lockfile passes supply-chain policies (verified 637ms ago)
[WARN] 1 deprecated subdependencies found: whatwg-encoding@3.1.1
Downloading @typescript/typescript-linux-x64@7.0.2: 0.00 B/9.66 MB
Packages: +7 -30
+++++++------------------------------
Progress: resolved 7, reused 0, downloaded 7, added 7, done
.../esbuild@0.28.2/node_modules/esbuild postinstall$ node install.js
.../esbuild@0.28.2/node_modules/esbuild postinstall: Done

devDependencies:
- @types/node 20.14.9
+ @types/node 22.20.5
- tsx 4.16.2
+ tsx 4.23.15
- typescript 5.5.3
+ typescript 7.0.2

Done in 1.1s using pnpm v12.10.1
