TAP version 13
# Subtest: runStartupSelftest passes on a healthy build
ok 1 - runStartupSelftest passes on a healthy build
  ---
  duration_ms: 26.198384
  ...
# Subtest: the entry point refuses to start when the tool surface is broken
ok 2 - the entry point refuses to start when the tool surface is broken
  ---
  duration_ms: 335.994222
  ...
# Subtest: the startup check can be bypassed, and says so when it refuses
ok 3 - the startup check can be bypassed, and says so when it refuses
  ---
  duration_ms: 384.802653
  ...
# Subtest: the installer runs end to end in dry-run mode and writes nothing
ok 4 - the installer runs end to end in dry-run mode and writes nothing
  ---
  duration_ms: 104.70184
  ...
# Subtest: the installer stops at an unsupported Node prerequisite
ok 5 - the installer stops at an unsupported Node prerequisite
  ---
  duration_ms: 37.557856
  ...
# Subtest: the installer refuses npm fallback when the checkout has a pnpm lockfile
ok 6 - the installer refuses npm fallback when the checkout has a pnpm lockfile
  ---
  duration_ms: 40.468638
  ...
# Subtest: the installer --live flag runs the live selfcheck
ok 7 - the installer --live flag runs the live selfcheck
  ---
  duration_ms: 100.504215
  ...
# Subtest: the installer rejects contradictory --live and --skip-network flags immediately
ok 8 - the installer rejects contradictory --live and --skip-network flags immediately
  ---
  duration_ms: 37.219831
  ...
# Subtest: the installer refuses to overwrite a config it cannot parse
ok 9 - the installer refuses to overwrite a config it cannot parse
  ---
  duration_ms: 105.192742
  ...
# Subtest: the installer refuses a config that is not a JSON object
ok 10 - the installer refuses a config that is not a JSON object
  ---
  duration_ms: 101.988639
  ...
# Subtest: the installer rejects mcpServers=[] even in dry-run mode
ok 11 - the installer rejects mcpServers=[] even in dry-run mode
  ---
  duration_ms: 109.664627
  ...
# Subtest: the installer rejects mcpServers=null even in dry-run mode
ok 12 - the installer rejects mcpServers=null even in dry-run mode
  ---
  duration_ms: 134.123846
  ...
# Subtest: the installer rejects mcpServers="not an object" even in dry-run mode
ok 13 - the installer rejects mcpServers="not an object" even in dry-run mode
  ---
  duration_ms: 118.17705
  ...
# Subtest: the installer rejects mcpServers=42 even in dry-run mode
ok 14 - the installer rejects mcpServers=42 even in dry-run mode
  ---
  duration_ms: 104.120273
  ...
# Subtest: the installer rejects mcpServers=false even in dry-run mode
ok 15 - the installer rejects mcpServers=false even in dry-run mode
  ---
  duration_ms: 102.780124
  ...
# Subtest: the installer accepts a config with an absent mcpServers field
ok 16 - the installer accepts a config with an absent mcpServers field
  ---
  duration_ms: 113.758031
  ...
# Subtest: the installer leaves a malformed config and its previous backup untouched on a real install
ok 17 - the installer leaves a malformed config and its previous backup untouched on a real install
  ---
  duration_ms: 3911.504467
  ...
# Subtest: the installer builds a clean checkout, merges an existing config and keeps a backup
ok 18 - the installer builds a clean checkout, merges an existing config and keeps a backup
  ---
  duration_ms: 4315.715941
  ...
# Subtest: the installer rejects an incompatible pair after installation and before building
ok 19 - the installer rejects an incompatible pair after installation and before building
  ---
  duration_ms: 147.908925
  ...
# Subtest: the installer validates the path it is about to put in a config
ok 20 - the installer validates the path it is about to put in a config
  ---
  duration_ms: 111.616437
  ...
# Subtest: the installer is plain JavaScript with no imports from src
ok 21 - the installer is plain JavaScript with no imports from src
  ---
  duration_ms: 0.672056
  ...
# Subtest: every BIBLIO_* variable in the code is documented in --help and the README
ok 22 - every BIBLIO_* variable in the code is documented in --help and the README
  ---
  duration_ms: 382.620199
  ...
# Subtest: every command the README tells you to run actually exists
ok 23 - every command the README tells you to run actually exists
  ---
  duration_ms: 0.93841
  ...
# Subtest: the published tarball contains the installer the README points at
ok 24 - the published tarball contains the installer the README points at
  ---
  duration_ms: 0.575348
  ...
# Subtest: the fork package is private while the upstream owns the npm name
ok 25 - the fork package is private while the upstream owns the npm name
  ---
  duration_ms: 0.350754
  ...
# Subtest: every version in the CHANGELOG has a matching compare link
ok 26 - every version in the CHANGELOG has a matching compare link
  ---
  duration_ms: 0.965849
  ...
1..26
# tests 26
# suites 0
# pass 26
# fail 0
# cancelled 0
# skipped 0
# todo 0
# duration_ms 11252.932616
