TAP version 13
# Subtest: runStartupSelftest passes on a healthy build
ok 1 - runStartupSelftest passes on a healthy build
  ---
  duration_ms: 29.509447
  ...
# Subtest: the entry point refuses to start when the tool surface is broken
ok 2 - the entry point refuses to start when the tool surface is broken
  ---
  duration_ms: 372.876907
  ...
# Subtest: the startup check can be bypassed, and says so when it refuses
ok 3 - the startup check can be bypassed, and says so when it refuses
  ---
  duration_ms: 407.254666
  ...
# Subtest: the installer runs end to end in dry-run mode and writes nothing
ok 4 - the installer runs end to end in dry-run mode and writes nothing
  ---
  duration_ms: 108.67855
  ...
# Subtest: the installer stops at an unsupported Node prerequisite
ok 5 - the installer stops at an unsupported Node prerequisite
  ---
  duration_ms: 37.070539
  ...
# Subtest: the installer refuses npm fallback when the checkout has a pnpm lockfile
ok 6 - the installer refuses npm fallback when the checkout has a pnpm lockfile
  ---
  duration_ms: 39.874816
  ...
# Subtest: the installer --live flag runs the live selfcheck
ok 7 - the installer --live flag runs the live selfcheck
  ---
  duration_ms: 109.503384
  ...
# Subtest: the installer rejects contradictory --live and --skip-network flags immediately
ok 8 - the installer rejects contradictory --live and --skip-network flags immediately
  ---
  duration_ms: 42.582017
  ...
# Subtest: the installer refuses to overwrite a config it cannot parse
ok 9 - the installer refuses to overwrite a config it cannot parse
  ---
  duration_ms: 113.699169
  ...
# Subtest: the installer refuses a config that is not a JSON object
ok 10 - the installer refuses a config that is not a JSON object
  ---
  duration_ms: 126.718992
  ...
# Subtest: the installer builds a clean checkout, merges an existing config and keeps a backup
ok 11 - the installer builds a clean checkout, merges an existing config and keeps a backup
  ---
  duration_ms: 4826.471866
  ...
# Subtest: the installer rejects an incompatible pair after installation and before building
ok 12 - the installer rejects an incompatible pair after installation and before building
  ---
  duration_ms: 152.949922
  ...
# Subtest: the installer validates the path it is about to put in a config
ok 13 - the installer validates the path it is about to put in a config
  ---
  duration_ms: 121.608768
  ...
# Subtest: the installer is plain JavaScript with no imports from src
ok 14 - the installer is plain JavaScript with no imports from src
  ---
  duration_ms: 0.752416
  ...
# Subtest: every BIBLIO_* variable in the code is documented in --help and the README
ok 15 - every BIBLIO_* variable in the code is documented in --help and the README
  ---
  duration_ms: 370.999128
  ...
# Subtest: every command the README tells you to run actually exists
ok 16 - every command the README tells you to run actually exists
  ---
  duration_ms: 0.96674
  ...
# Subtest: the published tarball contains the installer the README points at
ok 17 - the published tarball contains the installer the README points at
  ---
  duration_ms: 0.483495
  ...
# Subtest: the fork package is private while the upstream owns the npm name
ok 18 - the fork package is private while the upstream owns the npm name
  ---
  duration_ms: 0.335579
  ...
# Subtest: every version in the CHANGELOG has a matching compare link
ok 19 - every version in the CHANGELOG has a matching compare link
  ---
  duration_ms: 0.763205
  ...
# Subtest: preflight passes the known-good pairing (SDK 1.29 + zod 4.4.3)
ok 20 - preflight passes the known-good pairing (SDK 1.29 + zod 4.4.3)
  ---
  duration_ms: 49.016236
  ...
# Subtest: preflight passes a zod-3-only SDK paired with zod 3
ok 21 - preflight passes a zod-3-only SDK paired with zod 3
  ---
  duration_ms: 48.956479
  ...
# Subtest: preflight FAILS the broken pairing (SDK 1.12.1 + zod 4.4.3) with an actionable message
ok 22 - preflight FAILS the broken pairing (SDK 1.12.1 + zod 4.4.3) with an actionable message
  ---
  duration_ms: 58.567073
  ...
# Subtest: preflight reports a missing dependency tree instead of crashing
ok 23 - preflight reports a missing dependency tree instead of crashing
  ---
  duration_ms: 56.803939
  ...
# Subtest: the shipped tree passes preflight
ok 24 - the shipped tree passes preflight
  ---
  duration_ms: 80.815222
  ...
# Subtest: a missing build is a note by default but a failure with --require-build
ok 25 - a missing build is a note by default but a failure with --require-build
  ---
  duration_ms: 1.81914
  ...
# Subtest: preflight passes for an installed package, not just a source checkout
ok 26 - preflight passes for an installed package, not just a source checkout
  ---
  duration_ms: 57.034965
  ...
1..26
# tests 26
# suites 0
# pass 26
# fail 0
# cancelled 0
# skipped 0
# todo 0
# duration_ms 7695.790643
